// Vitest Snapshot v1

exports[`<App> > App component should render correctly 1`] = `
{
  "asFragment": [Function],
  "baseElement": <body>
    <div>
      <div
        class="App"
      >
        <header
          class="App-header"
        >
          <img
            alt="logo"
            class="App-logo"
            src="/src/logo.svg"
          />
          <p>
            Hello Vite + React!
          </p>
          <p>
            <button
              type="button"
            >
              count is: 
              0
            </button>
          </p>
          <p>
            Edit 
            <code>
              App.tsx
            </code>
             and save to test HMR updates.
          </p>
          <p>
            <a
              class="App-link"
              href="https://reactjs.org"
              rel="noopener noreferrer"
              target="_blank"
            >
              Learn React
            </a>
             | 
            <a
              class="App-link"
              href="https://vitejs.dev/guide/features.html"
              rel="noopener noreferrer"
              target="_blank"
            >
              Vite Docs
            </a>
          </p>
        </header>
      </div>
    </div>
  </body>,
  "container": <div>
    <div
      class="App"
    >
      <header
        class="App-header"
      >
        <img
          alt="logo"
          class="App-logo"
          src="/src/logo.svg"
        />
        <p>
          Hello Vite + React!
        </p>
        <p>
          <button
            type="button"
          >
            count is: 
            0
          </button>
        </p>
        <p>
          Edit 
          <code>
            App.tsx
          </code>
           and save to test HMR updates.
        </p>
        <p>
          <a
            class="App-link"
            href="https://reactjs.org"
            rel="noopener noreferrer"
            target="_blank"
          >
            Learn React
          </a>
           | 
          <a
            class="App-link"
            href="https://vitejs.dev/guide/features.html"
            rel="noopener noreferrer"
            target="_blank"
          >
            Vite Docs
          </a>
        </p>
      </header>
    </div>
  </div>,
  "debug": [Function],
  "findAllByAltText": [Function],
  "findAllByDisplayValue": [Function],
  "findAllByLabelText": [Function],
  "findAllByPlaceholderText": [Function],
  "findAllByRole": [Function],
  "findAllByTestId": [Function],
  "findAllByText": [Function],
  "findAllByTitle": [Function],
  "findByAltText": [Function],
  "findByDisplayValue": [Function],
  "findByLabelText": [Function],
  "findByPlaceholderText": [Function],
  "findByRole": [Function],
  "findByTestId": [Function],
  "findByText": [Function],
  "findByTitle": [Function],
  "getAllByAltText": [Function],
  "getAllByDisplayValue": [Function],
  "getAllByLabelText": [Function],
  "getAllByPlaceholderText": [Function],
  "getAllByRole": [Function],
  "getAllByTestId": [Function],
  "getAllByText": [Function],
  "getAllByTitle": [Function],
  "getByAltText": [Function],
  "getByDisplayValue": [Function],
  "getByLabelText": [Function],
  "getByPlaceholderText": [Function],
  "getByRole": [Function],
  "getByTestId": [Function],
  "getByText": [Function],
  "getByTitle": [Function],
  "queryAllByAltText": [Function],
  "queryAllByDisplayValue": [Function],
  "queryAllByLabelText": [Function],
  "queryAllByPlaceholderText": [Function],
  "queryAllByRole": [Function],
  "queryAllByTestId": [Function],
  "queryAllByText": [Function],
  "queryAllByTitle": [Function],
  "queryByAltText": [Function],
  "queryByDisplayValue": [Function],
  "queryByLabelText": [Function],
  "queryByPlaceholderText": [Function],
  "queryByRole": [Function],
  "queryByTestId": [Function],
  "queryByText": [Function],
  "queryByTitle": [Function],
  "rerender": [Function],
  "unmount": [Function],
}
`;
